__row,a1name,bii,catalog_designation,clamp,testing134,examp_rate,examp_rate_error,exa,fea,featu1,featu2,name,notes
1,1M8392-732,-25.2345,M1842-245,5000,2.234,1.42,0.13,-21 31 56,362.6321,4.2352,4.5214,NEW WAG,null
2,1M3829-231,-22.3211,M8291-532,7000,2.123,1.23,0.12,-42 24 62,522.5212,0.1263,3.5839,ED2034-G35,null
3,1M8292-231,-39.4211,M2993-125,5000,2.321,2.34,0.14,-31 62 14,632.5221,2.1262,22.5215,MICHE 3416,null
4,1M8392-521,-44.3321,H3402-352,7000,2.421,1.42,0.19,-24 62 13,152.2423,2.7434,1.5278,MICHE 3185,14